INFO main ivanhoe.testcases.AppServerTest - addingPlayer(ivanhoe.testcases.AppServerTest) Passed
INFO main ivanhoe.testcases.AppServerTest - closingServer(ivanhoe.testcases.AppServerTest) Passed
INFO main ivanhoe.testcases.AppServerTest - addingPlayerAfterMaximumConnection(ivanhoe.testcases.AppServerTest) Passed
INFO main ivanhoe.testcases.AppServerTest - CreateNewServerSocket(ivanhoe.testcases.AppServerTest) Passed
INFO main ivanhoe.testcases.ClientLogicHandlerTest - canPlayBreakLance(ivanhoe.testcases.ClientLogicHandlerTest) Passed
INFO main ivanhoe.testcases.ClientLogicHandlerTest - canPlayRetreat(ivanhoe.testcases.ClientLogicHandlerTest) Passed
INFO main ivanhoe.testcases.ClientLogicHandlerTest - canPlayRiposte(ivanhoe.testcases.ClientLogicHandlerTest) Passed
INFO main ivanhoe.testcases.ClientLogicHandlerTest - canPlayKnockdown(ivanhoe.testcases.ClientLogicHandlerTest) Passed
INFO main ivanhoe.testcases.ClientLogicHandlerTest - canPlayOutmaneuver(ivanhoe.testcases.ClientLogicHandlerTest) Passed
INFO main ivanhoe.testcases.ClientLogicHandlerTest - cannotPlayRetreat(ivanhoe.testcases.ClientLogicHandlerTest) Passed
INFO main ivanhoe.testcases.ClientLogicHandlerTest - canPlayDisgrace(ivanhoe.testcases.ClientLogicHandlerTest) Passed
INFO main ivanhoe.testcases.ClientLogicHandlerTest - cannotPlayRiposte(ivanhoe.testcases.ClientLogicHandlerTest) Passed
INFO main ivanhoe.testcases.ClientLogicHandlerTest - cannotPlayOutmaneuver(ivanhoe.testcases.ClientLogicHandlerTest) Passed
INFO main ivanhoe.testcases.ClientLogicHandlerTest - canPlayCharge(ivanhoe.testcases.ClientLogicHandlerTest) Passed
INFO main ivanhoe.testcases.ClientLogicHandlerTest - testCannotPlayUnhorse(ivanhoe.testcases.ClientLogicHandlerTest) Passed
INFO main ivanhoe.testcases.ClientLogicHandlerTest - testCanPlayUnhorse(ivanhoe.testcases.ClientLogicHandlerTest) Passed
INFO main ivanhoe.testcases.ClientLogicHandlerTest - testCannotPlayChangeWeaponPurple(ivanhoe.testcases.ClientLogicHandlerTest) Passed
INFO main ivanhoe.testcases.ClientLogicHandlerTest - canPlayOutwit(ivanhoe.testcases.ClientLogicHandlerTest) Passed
INFO main ivanhoe.testcases.ClientLogicHandlerTest - testCanPlayDropWeapon(ivanhoe.testcases.ClientLogicHandlerTest) Passed
INFO main ivanhoe.testcases.ClientLogicHandlerTest - testCannotPlayChangeWeaponGreen(ivanhoe.testcases.ClientLogicHandlerTest) Passed
INFO main ivanhoe.testcases.ClientLogicHandlerTest - cannotPlayCounterCharge(ivanhoe.testcases.ClientLogicHandlerTest) Passed
INFO main ivanhoe.testcases.ClientLogicHandlerTest - testCanPlayChangeWeaponYellow(ivanhoe.testcases.ClientLogicHandlerTest) Passed
INFO main ivanhoe.testcases.ClientLogicHandlerTest - testCanPlayChangeWeaponBlue(ivanhoe.testcases.ClientLogicHandlerTest) Passed
INFO main ivanhoe.testcases.ClientLogicHandlerTest - cannotPlayDisgrace(ivanhoe.testcases.ClientLogicHandlerTest) Passed
INFO main ivanhoe.testcases.ClientLogicHandlerTest - canPlayCounterCharge(ivanhoe.testcases.ClientLogicHandlerTest) Passed
INFO main ivanhoe.testcases.ClientLogicHandlerTest - testCanPlayChangeWeaponRed(ivanhoe.testcases.ClientLogicHandlerTest) Passed
INFO main ivanhoe.testcases.ClientLogicHandlerTest - cannotPlayKnockdown(ivanhoe.testcases.ClientLogicHandlerTest) Passed
INFO main ivanhoe.testcases.ClientLogicHandlerTest - cannotPlayCharge(ivanhoe.testcases.ClientLogicHandlerTest) Passed
INFO main ivanhoe.testcases.ClientLogicHandlerTest - canPlayAdapt(ivanhoe.testcases.ClientLogicHandlerTest) Passed
INFO main ivanhoe.testcases.ClientLogicHandlerTest - canPlayDodge(ivanhoe.testcases.ClientLogicHandlerTest) Passed
INFO main ivanhoe.testcases.ClientLogicHandlerTest - cannotPlayAdapt(ivanhoe.testcases.ClientLogicHandlerTest) Passed
INFO main ivanhoe.testcases.ClientLogicHandlerTest - cannotPlayDodge(ivanhoe.testcases.ClientLogicHandlerTest) Passed
INFO main ivanhoe.testcases.ClientLogicHandlerTest - testCanPlayShield(ivanhoe.testcases.ClientLogicHandlerTest) Passed
INFO main ivanhoe.testcases.ClientLogicHandlerTest - testCanPlayStuned(ivanhoe.testcases.ClientLogicHandlerTest) Passed
INFO main ivanhoe.testcases.ClientLogicHandlerTest - cannotPlayBreakLance(ivanhoe.testcases.ClientLogicHandlerTest) Passed
INFO main ivanhoe.testcases.ClientLogicHandlerTest - cannotPlayOutwit(ivanhoe.testcases.ClientLogicHandlerTest) Passed
INFO main ivanhoe.testcases.DeckTest - testAdd(ivanhoe.testcases.DeckTest) Passed
INFO main ivanhoe.testcases.DeckTest - testDraw(ivanhoe.testcases.DeckTest) Passed
INFO main ivanhoe.testcases.DisplayTest - testGetValue(ivanhoe.testcases.DisplayTest) Passed
INFO main ivanhoe.testcases.DisplayTest - testAdd(ivanhoe.testcases.DisplayTest) Passed
INFO main ivanhoe.testcases.DisplayTest - testGetLastPlayed(ivanhoe.testcases.DisplayTest) Passed
INFO main ivanhoe.testcases.DisplayTest - testGetCard(ivanhoe.testcases.DisplayTest) Passed
INFO main ivanhoe.testcases.EngineTest - testStartingATournamentPreviousTournamentWasNotPurple(ivanhoe.testcases.EngineTest) Passed
INFO main ivanhoe.testcases.EngineTest - testStartingATournamentPreviousTournamentWasPurple(ivanhoe.testcases.EngineTest) Passed
INFO main ivanhoe.testcases.EngineTest - testWithdrawFromTournamentWithMaidenAndHasNoToken(ivanhoe.testcases.EngineTest) Passed
INFO main ivanhoe.testcases.EngineTest - testPlayerWinsNonPurpleTournamentAndReceivesRightColoredToken(ivanhoe.testcases.EngineTest) Passed
INFO main ivanhoe.testcases.EngineTest - testPlayerWinsTournamentAndDoesNotReceiveDuplicateTokens(ivanhoe.testcases.EngineTest) Passed
INFO main ivanhoe.testcases.EngineTest - testPurpleTournamentWin(ivanhoe.testcases.EngineTest) Passed
INFO main ivanhoe.testcases.EngineTest - testTwoToFivePlayers(ivanhoe.testcases.EngineTest) Passed
INFO main ivanhoe.testcases.EngineTest - testPlayACardAction(ivanhoe.testcases.EngineTest) Passed
INFO main ivanhoe.testcases.EngineTest - testWithdrawFromTournamentWithMaidenAndHasToken(ivanhoe.testcases.EngineTest) Passed
INFO main ivanhoe.testcases.EngineTest - testPlayACardMaiden(ivanhoe.testcases.EngineTest) Passed
INFO main ivanhoe.testcases.EngineTest - testPlayerUpdated(ivanhoe.testcases.EngineTest) Passed
INFO main ivanhoe.testcases.EngineTest - testWinGameWithTwoOrThreePlayers(ivanhoe.testcases.EngineTest) Passed
INFO main ivanhoe.testcases.EngineTest - testPlayerWithdrawsFromTournamentAndNoLongerGetsATurn(ivanhoe.testcases.EngineTest) Passed
INFO main ivanhoe.testcases.EngineTest - testStartFirstTournament(ivanhoe.testcases.EngineTest) Passed
INFO main ivanhoe.testcases.EngineTest - testDrawACard(ivanhoe.testcases.EngineTest) Passed
INFO main ivanhoe.testcases.EngineTest - testPlayerWinsPurpleTournamentAndSelectsAndReceivesRightColoredToken(ivanhoe.testcases.EngineTest) Passed
INFO main ivanhoe.testcases.EngineTest - testPickDealer(ivanhoe.testcases.EngineTest) Passed
INFO main ivanhoe.testcases.EngineTest - testWinGameWithFourOrFivePlayers(ivanhoe.testcases.EngineTest) Passed
INFO main ivanhoe.testcases.EngineTest - testPlayerWonTournament(ivanhoe.testcases.EngineTest) Passed
INFO main ivanhoe.testcases.EngineTest - testPlayACardColored(ivanhoe.testcases.EngineTest) Passed
INFO main ivanhoe.testcases.EngineTest - testPlayACardSupporter(ivanhoe.testcases.EngineTest) Passed
INFO main ivanhoe.testcases.GameStateTest - testSerialization(ivanhoe.testcases.GameStateTest) Passed
INFO main ivanhoe.testcases.GameStateTest - testIsSerializable(ivanhoe.testcases.GameStateTest) Passed
INFO main ivanhoe.testcases.HandTest - testAdd(ivanhoe.testcases.HandTest) Passed
INFO main ivanhoe.testcases.HandTest - testPickRandom(ivanhoe.testcases.HandTest) Passed
INFO main ivanhoe.testcases.TournamentTest - testPerformAdapt(ivanhoe.testcases.TournamentTest) Passed
INFO main ivanhoe.testcases.TournamentTest - testIvanhoeDeclined(ivanhoe.testcases.TournamentTest) Passed
INFO main ivanhoe.testcases.TournamentTest - testIVANHOOOOOOE(ivanhoe.testcases.TournamentTest) Passed
INFO main ivanhoe.testcases.TournamentTest - testAdapt(ivanhoe.testcases.TournamentTest) Passed
INFO main ivanhoe.testcases.TournamentTest - testWithdrawWithMoreThanOnePlayerLeft(ivanhoe.testcases.TournamentTest) Passed
INFO main ivanhoe.testcases.TournamentTest - testDodge(ivanhoe.testcases.TournamentTest) Passed
INFO main ivanhoe.testcases.TournamentTest - testIvanhoeChosen(ivanhoe.testcases.TournamentTest) Passed
INFO main ivanhoe.testcases.TournamentTest - testPerformActionCardContinueOnePlayerLeft(ivanhoe.testcases.TournamentTest) Passed
INFO main ivanhoe.testcases.TournamentTest - testMaidenLoseTokenReturnNoTokens(ivanhoe.testcases.TournamentTest) Passed
INFO main ivanhoe.testcases.TournamentTest - testPerformActionNull(ivanhoe.testcases.TournamentTest) Passed
INFO main ivanhoe.testcases.TournamentTest - testPerformActionCardContinuePossible(ivanhoe.testcases.TournamentTest) Passed
INFO main ivanhoe.testcases.TournamentTest - testDropWeapon(ivanhoe.testcases.TournamentTest) Passed
INFO main ivanhoe.testcases.TournamentTest - testUnhorseWithNONPurpleTournament(ivanhoe.testcases.TournamentTest) Passed
INFO main ivanhoe.testcases.TournamentTest - testBreakLance(ivanhoe.testcases.TournamentTest) Passed
INFO main ivanhoe.testcases.TournamentTest - testRetreat(ivanhoe.testcases.TournamentTest) Passed
INFO main ivanhoe.testcases.TournamentTest - testMaidenLoseTokenReturnHasTokens(ivanhoe.testcases.TournamentTest) Passed
INFO main ivanhoe.testcases.TournamentTest - testRiposte(ivanhoe.testcases.TournamentTest) Passed
INFO main ivanhoe.testcases.TournamentTest - testCounterCharge(ivanhoe.testcases.TournamentTest) Passed
INFO main ivanhoe.testcases.TournamentTest - testDisgrace(ivanhoe.testcases.TournamentTest) Passed
INFO main ivanhoe.testcases.TournamentTest - testChangeWeapon(ivanhoe.testcases.TournamentTest) Passed
INFO main ivanhoe.testcases.TournamentTest - testWithdrawWithOnePlayerLeft(ivanhoe.testcases.TournamentTest) Passed
INFO main ivanhoe.testcases.TournamentTest - testUnhorseWithPurpleTournament(ivanhoe.testcases.TournamentTest) Passed
INFO main ivanhoe.testcases.TournamentTest - testOutManeuver(ivanhoe.testcases.TournamentTest) Passed
INFO main ivanhoe.testcases.TournamentTest - testCharge(ivanhoe.testcases.TournamentTest) Passed
INFO main ivanhoe.testcases.TournamentTest - testPerformActionCardColorPlayed(ivanhoe.testcases.TournamentTest) Passed
INFO main ivanhoe.testcases.TournamentTest - testOutwit(ivanhoe.testcases.TournamentTest) Passed
INFO main ivanhoe.testcases.TournamentTest - testKnockDown(ivanhoe.testcases.TournamentTest) Passed
INFO main ivanhoe.testcases.TournamentTest - testShield(ivanhoe.testcases.TournamentTest) Passed
INFO main ivanhoe.testcases.TournamentTest - testStunned(ivanhoe.testcases.TournamentTest) Passed
INFO main ivanhoe.testcases.TournamentTest - testPerformActionCardContinueNextPlayerEarlierInList(ivanhoe.testcases.TournamentTest) Passed
INFO main ivanhoe.testcases.EngineTest - testWithdrawFromTournamentWithMaidenAndHasNoToken(ivanhoe.testcases.EngineTest) Passed
INFO main ivanhoe.testcases.EngineTest - testWithdrawFromTournamentWithMaidenAndHasNoToken(ivanhoe.testcases.EngineTest) Passed
